fn read_byte(input: &[u8], pos: &mut usize) -> Result<i64, ()> {
    let byte = input.get(*pos).ok_or(())?;
    *pos +=1;
    Ok(i64::from(*byte))
}

struct Point {
    x: i64,
    y: i64,
}

const TEST_POINT_1: Point = Point { x: 1, y: 2 };

const TEST_POINT_2: Point = Point { x: 1, y: 2 };
