type A-long-record {
  bananas : #Int;
  bar : #Int;
  baz : #Int;
  foo : #Int;
}

type Point {
  x : #Int;
  y : #Int;
}

def test-long-record : A-long-record =
  A-long-record {
    bananas := 1000000;
    bar := 1000000;
    baz := 1000000;
    foo := 1000000
  };

def test-point-1 : Point = Point { x := 1; y := 2 };

def test-point-2 : Point = Point { x := 1; y := 2 };
